Copyright 1986-2020 Xilinx, Inc. All Rights Reserved.
----------------------------------------------------------------------------------------------------------------------------------------------------------------------------------------------------------------
| Tool Version     : Vivado v.2020.1 (win64) Build 2902540 Wed May 27 19:54:49 MDT 2020
| Date             : Thu Nov  3 10:49:02 2022
| Host             : DESKTOP-AOVMD3L running 64-bit major release  (build 9200)
| Command          : report_power -file example_ibert_ultrascale_gth_0_power_routed.rpt -pb example_ibert_ultrascale_gth_0_power_summary_routed.pb -rpx example_ibert_ultrascale_gth_0_power_routed.rpx
| Design           : example_ibert_ultrascale_gth_0
| Device           : xcku040-ffva1156-2-i
| Design State     : routed
| Grade            : industrial
| Process          : typical
| Characterization : Production
----------------------------------------------------------------------------------------------------------------------------------------------------------------------------------------------------------------

Power Report

Table of Contents
-----------------
1. Summary
1.1 On-Chip Components
1.2 Power Supply Summary
1.3 Confidence Level
2. Settings
2.1 Environment
2.2 Clock Constraints
3. Detailed Reports
3.1 By Hierarchy

1. Summary
----------

+--------------------------+--------------+
| Total On-Chip Power (W)  | 1.937        |
| Design Power Budget (W)  | Unspecified* |
| Power Budget Margin (W)  | NA           |
| Dynamic (W)              | 1.400        |
| Device Static (W)        | 0.537        |
| Effective TJA (C/W)      | 1.4          |
| Max Ambient (C)          | 97.2         |
| Junction Temperature (C) | 27.8         |
| Confidence Level         | Medium       |
| Setting File             | ---          |
| Simulation Activity File | ---          |
| Design Nets Matched      | NA           |
+--------------------------+--------------+
* Specify Design Power Budget using, set_operating_conditions -design_power_budget <value in Watts>


1.1 On-Chip Components
----------------------

+--------------------------+-----------+----------+-----------+-----------------+
| On-Chip                  | Power (W) | Used     | Available | Utilization (%) |
+--------------------------+-----------+----------+-----------+-----------------+
| Clocks                   |     0.117 |       38 |       --- |             --- |
| CLB Logic                |     0.034 |    27916 |       --- |             --- |
|   LUT as Logic           |     0.020 |     7673 |    242400 |            3.17 |
|   LUT as Shift Register  |     0.005 |      140 |    112800 |            0.12 |
|   Register               |     0.005 |    15940 |    484800 |            3.29 |
|   LUT as Distributed RAM |     0.004 |      160 |    112800 |            0.14 |
|   CARRY8                 |    <0.001 |      128 |     30300 |            0.42 |
|   F7/F8 Muxes            |    <0.001 |      738 |    242400 |            0.30 |
|   Others                 |     0.000 |     1163 |       --- |             --- |
| Signals                  |     0.038 |    22451 |       --- |             --- |
| Block RAM                |     0.021 |       20 |       600 |            3.33 |
| MMCM                     |     0.114 |        1 |        10 |           10.00 |
| DSPs                     |     0.003 |        8 |      1920 |            0.42 |
| I/O                      |     0.003 |        2 |       520 |            0.38 |
| GTH                      |     1.071 |        4 |        20 |           20.00 |
| Static Power             |     0.537 |          |           |                 |
| Total                    |     1.937 |          |           |                 |
+--------------------------+-----------+----------+-----------+-----------------+


1.2 Power Supply Summary
------------------------

+------------+-------------+-----------+-------------+------------+-------------+-------------+------------+
| Source     | Voltage (V) | Total (A) | Dynamic (A) | Static (A) | Powerup (A) | Budget (A)  | Margin (A) |
+------------+-------------+-----------+-------------+------------+-------------+-------------+------------+
| Vccint     |       0.950 |     0.489 |       0.333 |      0.155 |       NA    | Unspecified | NA         |
| Vccaux     |       1.800 |     0.160 |       0.063 |      0.096 |       NA    | Unspecified | NA         |
| Vccaux_io  |       1.800 |     0.066 |       0.001 |      0.065 |       NA    | Unspecified | NA         |
| Vccint_io  |       0.950 |     0.017 |       0.001 |      0.016 |       NA    | Unspecified | NA         |
| Vcco33     |       3.300 |     0.000 |       0.000 |      0.000 |       NA    | Unspecified | NA         |
| Vcco25     |       2.500 |     0.000 |       0.000 |      0.000 |       NA    | Unspecified | NA         |
| Vcco18     |       1.800 |     0.000 |       0.000 |      0.000 |       NA    | Unspecified | NA         |
| Vcco15     |       1.500 |     0.000 |       0.000 |      0.000 |       NA    | Unspecified | NA         |
| Vcco135    |       1.350 |     0.000 |       0.000 |      0.000 |       NA    | Unspecified | NA         |
| Vcco12     |       1.200 |     0.000 |       0.000 |      0.000 |       NA    | Unspecified | NA         |
| Vcco10     |       1.000 |     0.000 |       0.000 |      0.000 |       NA    | Unspecified | NA         |
| Vccbram    |       0.950 |     0.012 |       0.001 |      0.011 |       NA    | Unspecified | NA         |
| MGTAVcc    |       1.000 |     0.666 |       0.635 |      0.031 |       NA    | Unspecified | NA         |
| MGTAVtt    |       1.200 |     0.269 |       0.255 |      0.014 |       NA    | Unspecified | NA         |
| MGTVccaux  |       1.800 |     0.013 |       0.013 |      0.000 |       NA    | Unspecified | NA         |
| Vccadc     |       1.800 |     0.014 |       0.000 |      0.014 |       NA    | Unspecified | NA         |
| MGTYVccaux |       1.800 |     0.000 |       0.000 |      0.000 |       NA    | Unspecified | NA         |
| MGTYAVcc   |       1.000 |     0.000 |       0.000 |      0.000 |       NA    | Unspecified | NA         |
| MGTYAVtt   |       1.200 |     0.000 |       0.000 |      0.000 |       NA    | Unspecified | NA         |
+------------+-------------+-----------+-------------+------------+-------------+-------------+------------+


1.3 Confidence Level
--------------------

+-----------------------------+------------+------------------------------------------------+------------------------------------------------------------------------------------------------------------+
| User Input Data             | Confidence | Details                                        | Action                                                                                                     |
+-----------------------------+------------+------------------------------------------------+------------------------------------------------------------------------------------------------------------+
| Design implementation state | High       | Design is routed                               |                                                                                                            |
| Clock nodes activity        | High       | User specified more than 95% of clocks         |                                                                                                            |
| I/O nodes activity          | High       | User specified more than 95% of inputs         |                                                                                                            |
| Internal nodes activity     | Medium     | User specified less than 25% of internal nodes | Provide missing internal nodes activity with simulation results or by editing the "By Resource Type" views |
| Device models               | High       | Device models are Production                   |                                                                                                            |
|                             |            |                                                |                                                                                                            |
| Overall confidence level    | Medium     |                                                |                                                                                                            |
+-----------------------------+------------+------------------------------------------------+------------------------------------------------------------------------------------------------------------+


2. Settings
-----------

2.1 Environment
---------------

+-----------------------+--------------------------+
| Ambient Temp (C)      | 25.0                     |
| ThetaJA (C/W)         | 1.4                      |
| Airflow (LFM)         | 250                      |
| Heat Sink             | medium (Medium Profile)  |
| ThetaSA (C/W)         | 2.4                      |
| Board Selection       | medium (10"x10")         |
| # of Board Layers     | 12to15 (12 to 15 Layers) |
| Board Temperature (C) | 25.0                     |
+-----------------------+--------------------------+


2.2 Clock Constraints
---------------------

+--------------------------------------------------------------------------------------------+----------------------------------------------------------------------+-----------------+
| Clock                                                                                      | Domain                                                               | Constraint (ns) |
+--------------------------------------------------------------------------------------------+----------------------------------------------------------------------+-----------------+
| D_CLK                                                                                      | gth_sysclkp_i                                                        |             5.0 |
| USE_DIVIDER.dclk_mmcm                                                                      | dbg_hub/inst/BSCANID.u_xsdbm_id/USE_DIVIDER.dclk_mmcm                |            10.0 |
| dbg_hub/inst/BSCANID.u_xsdbm_id/SWITCH_N_EXT_BSCAN.bscan_inst/SERIES7_BSCAN.bscan_inst/TCK | dbg_hub/inst/BSCANID.u_xsdbm_id/SWITCH_N_EXT_BSCAN.bscan_inst/tck_bs |            33.0 |
| gth_refclk0_3                                                                              | gth_refclk0p_i[0]                                                    |            10.0 |
| qpll0outclk_o                                                                              | u_ibert_gth_core/inst/QUAD[0].u_q/u_common/qpll0outclk_o             |             0.2 |
| qpll0outrefclk_o                                                                           | u_ibert_gth_core/inst/QUAD[0].u_q/u_common/qpll0outrefclk_o          |            10.0 |
| refclkoutmonitor0_com                                                                      | u_ibert_gth_core/inst/QUAD[0].u_q/u_common/refclkoutmonitor0_com     |            10.0 |
| rxoutclk_o                                                                                 | u_ibert_gth_core/inst/QUAD[0].u_q/CH[0].u_ch/rxoutclk_o              |             4.0 |
| rxoutclk_o[0]                                                                              | u_ibert_gth_core/inst/QUAD[0].u_q/u_common/u_clocking/rxusrclk_o[0]  |             4.0 |
| rxoutclk_o[1]                                                                              | u_ibert_gth_core/inst/QUAD[0].u_q/u_common/u_clocking/rxusrclk_o[1]  |             4.0 |
| rxoutclk_o[2]                                                                              | u_ibert_gth_core/inst/QUAD[0].u_q/u_common/u_clocking/rxusrclk_o[2]  |             4.0 |
| rxoutclk_o[3]                                                                              | u_ibert_gth_core/inst/QUAD[0].u_q/u_common/u_clocking/rxusrclk_o[3]  |             4.0 |
| rxoutclk_o_1                                                                               | u_ibert_gth_core/inst/QUAD[0].u_q/CH[1].u_ch/rxoutclk_o              |             4.0 |
| rxoutclk_o_2                                                                               | u_ibert_gth_core/inst/QUAD[0].u_q/CH[2].u_ch/rxoutclk_o              |             4.0 |
| rxoutclk_o_3                                                                               | u_ibert_gth_core/inst/QUAD[0].u_q/CH[3].u_ch/rxoutclk_o              |             4.0 |
| rxusrclk2_i[0]                                                                             | u_ibert_gth_core/inst/QUAD[0].u_q/u_common/u_clocking/rxusrclk2_o[0] |             4.0 |
| rxusrclk2_i[2]                                                                             | u_ibert_gth_core/inst/QUAD[0].u_q/u_common/u_clocking/rxusrclk2_o[2] |             4.0 |
| rxusrclk2_i__0[1]                                                                          | u_ibert_gth_core/inst/QUAD[0].u_q/u_common/u_clocking/rxusrclk2_o[1] |             4.0 |
| rxusrclk2_i__0[3]                                                                          | u_ibert_gth_core/inst/QUAD[0].u_q/u_common/u_clocking/rxusrclk2_o[3] |             4.0 |
| txoutclk_o                                                                                 | u_ibert_gth_core/inst/QUAD[0].u_q/CH[0].u_ch/txoutclk_o              |             4.0 |
| txoutclk_o[0]                                                                              | u_ibert_gth_core/inst/QUAD[0].u_q/u_common/u_clocking/txusrclk_o[0]  |             4.0 |
| txoutclk_o[1]                                                                              | u_ibert_gth_core/inst/QUAD[0].u_q/u_common/u_clocking/txusrclk_o[1]  |             4.0 |
| txoutclk_o[2]                                                                              | u_ibert_gth_core/inst/QUAD[0].u_q/u_common/u_clocking/txusrclk_o[2]  |             4.0 |
| txoutclk_o[3]                                                                              | u_ibert_gth_core/inst/QUAD[0].u_q/u_common/u_clocking/txusrclk_o[3]  |             4.0 |
| txoutclk_o_1                                                                               | u_ibert_gth_core/inst/QUAD[0].u_q/CH[1].u_ch/txoutclk_o              |             4.0 |
| txoutclk_o_2                                                                               | u_ibert_gth_core/inst/QUAD[0].u_q/CH[2].u_ch/txoutclk_o              |             4.0 |
| txoutclk_o_3                                                                               | u_ibert_gth_core/inst/QUAD[0].u_q/CH[3].u_ch/txoutclk_o              |             4.0 |
| txusrclk2_i[0]                                                                             | u_ibert_gth_core/inst/QUAD[0].u_q/u_common/u_clocking/txusrclk2_o[0] |             4.0 |
| txusrclk2_i[2]                                                                             | u_ibert_gth_core/inst/QUAD[0].u_q/u_common/u_clocking/txusrclk2_o[2] |             4.0 |
| txusrclk2_i__0[1]                                                                          | u_ibert_gth_core/inst/QUAD[0].u_q/u_common/u_clocking/txusrclk2_o[1] |             4.0 |
| txusrclk2_i__0[3]                                                                          | u_ibert_gth_core/inst/QUAD[0].u_q/u_common/u_clocking/txusrclk2_o[3] |             4.0 |
| u_ibert_gth_core/inst/QUAD[0].u_q/CH[0].u_ch/u_gthe3_channel/DMONITOROUT[16]               | u_ibert_gth_core/inst/QUAD[0].u_q/CH[0].u_ch/dmonitorclk             |             4.0 |
| u_ibert_gth_core/inst/QUAD[0].u_q/CH[1].u_ch/u_gthe3_channel/DMONITOROUT[16]               | u_ibert_gth_core/inst/QUAD[0].u_q/CH[1].u_ch/dmonitorclk             |             4.0 |
| u_ibert_gth_core/inst/QUAD[0].u_q/CH[2].u_ch/u_gthe3_channel/DMONITOROUT[16]               | u_ibert_gth_core/inst/QUAD[0].u_q/CH[2].u_ch/dmonitorclk             |             4.0 |
| u_ibert_gth_core/inst/QUAD[0].u_q/CH[3].u_ch/u_gthe3_channel/DMONITOROUT[16]               | u_ibert_gth_core/inst/QUAD[0].u_q/CH[3].u_ch/dmonitorclk             |             4.0 |
+--------------------------------------------------------------------------------------------+----------------------------------------------------------------------+-----------------+


3. Detailed Reports
-------------------

3.1 By Hierarchy
----------------

+--------------------------------+-----------+
| Name                           | Power (W) |
+--------------------------------+-----------+
| example_ibert_ultrascale_gth_0 |     1.400 |
|   dbg_hub                      |     0.118 |
|     inst                       |     0.118 |
|       BSCANID.u_xsdbm_id       |     0.118 |
|   u_ibert_gth_core             |     1.280 |
|     inst                       |     1.280 |
|       QUAD[0].u_q              |     1.280 |
|   u_ibufgds                    |     0.003 |
+--------------------------------+-----------+


